Archive member included to satisfy reference by file (symbol)

c:/st/stm32cubeide_1.4.0/stm32cubeide/plugins/com.st.stm32cube.ide.mcu.externaltools.gnu-tools-for-stm32.7-2018-q2-update.win32_1.4.0.202007081208/tools/bin/../lib/gcc/arm-none-eabi/7.3.1/../../../../arm-none-eabi/lib/thumb/v7e-m/fpv5/hard\libc_nano.a(lib_a-errno.o)
                              src/bsp/syscalls.o (__errno)
c:/st/stm32cubeide_1.4.0/stm32cubeide/plugins/com.st.stm32cube.ide.mcu.externaltools.gnu-tools-for-stm32.7-2018-q2-update.win32_1.4.0.202007081208/tools/bin/../lib/gcc/arm-none-eabi/7.3.1/../../../../arm-none-eabi/lib/thumb/v7e-m/fpv5/hard\libc_nano.a(lib_a-exit.o)
                              c:/st/stm32cubeide_1.4.0/stm32cubeide/plugins/com.st.stm32cube.ide.mcu.externaltools.gnu-tools-for-stm32.7-2018-q2-update.win32_1.4.0.202007081208/tools/bin/../lib/gcc/arm-none-eabi/7.3.1/../../../../arm-none-eabi/lib/thumb/v7e-m/fpv5/hard/crt0.o (exit)
c:/st/stm32cubeide_1.4.0/stm32cubeide/plugins/com.st.stm32cube.ide.mcu.externaltools.gnu-tools-for-stm32.7-2018-q2-update.win32_1.4.0.202007081208/tools/bin/../lib/gcc/arm-none-eabi/7.3.1/../../../../arm-none-eabi/lib/thumb/v7e-m/fpv5/hard\libc_nano.a(lib_a-impure.o)
                              c:/st/stm32cubeide_1.4.0/stm32cubeide/plugins/com.st.stm32cube.ide.mcu.externaltools.gnu-tools-for-stm32.7-2018-q2-update.win32_1.4.0.202007081208/tools/bin/../lib/gcc/arm-none-eabi/7.3.1/../../../../arm-none-eabi/lib/thumb/v7e-m/fpv5/hard\libc_nano.a(lib_a-exit.o) (_global_impure_ptr)
c:/st/stm32cubeide_1.4.0/stm32cubeide/plugins/com.st.stm32cube.ide.mcu.externaltools.gnu-tools-for-stm32.7-2018-q2-update.win32_1.4.0.202007081208/tools/bin/../lib/gcc/arm-none-eabi/7.3.1/../../../../arm-none-eabi/lib/thumb/v7e-m/fpv5/hard\libc_nano.a(lib_a-init.o)
                              c:/st/stm32cubeide_1.4.0/stm32cubeide/plugins/com.st.stm32cube.ide.mcu.externaltools.gnu-tools-for-stm32.7-2018-q2-update.win32_1.4.0.202007081208/tools/bin/../lib/gcc/arm-none-eabi/7.3.1/../../../../arm-none-eabi/lib/thumb/v7e-m/fpv5/hard/crt0.o (__libc_init_array)
c:/st/stm32cubeide_1.4.0/stm32cubeide/plugins/com.st.stm32cube.ide.mcu.externaltools.gnu-tools-for-stm32.7-2018-q2-update.win32_1.4.0.202007081208/tools/bin/../lib/gcc/arm-none-eabi/7.3.1/../../../../arm-none-eabi/lib/thumb/v7e-m/fpv5/hard\libc_nano.a(lib_a-memset.o)
                              c:/st/stm32cubeide_1.4.0/stm32cubeide/plugins/com.st.stm32cube.ide.mcu.externaltools.gnu-tools-for-stm32.7-2018-q2-update.win32_1.4.0.202007081208/tools/bin/../lib/gcc/arm-none-eabi/7.3.1/../../../../arm-none-eabi/lib/thumb/v7e-m/fpv5/hard/crt0.o (memset)

Discarded input sections

 .text          0x0000000000000000        0x0 c:/st/stm32cubeide_1.4.0/stm32cubeide/plugins/com.st.stm32cube.ide.mcu.externaltools.gnu-tools-for-stm32.7-2018-q2-update.win32_1.4.0.202007081208/tools/bin/../lib/gcc/arm-none-eabi/7.3.1/thumb/v7e-m/fpv5/hard/crti.o
 .data          0x0000000000000000        0x0 c:/st/stm32cubeide_1.4.0/stm32cubeide/plugins/com.st.stm32cube.ide.mcu.externaltools.gnu-tools-for-stm32.7-2018-q2-update.win32_1.4.0.202007081208/tools/bin/../lib/gcc/arm-none-eabi/7.3.1/thumb/v7e-m/fpv5/hard/crti.o
 .bss           0x0000000000000000        0x0 c:/st/stm32cubeide_1.4.0/stm32cubeide/plugins/com.st.stm32cube.ide.mcu.externaltools.gnu-tools-for-stm32.7-2018-q2-update.win32_1.4.0.202007081208/tools/bin/../lib/gcc/arm-none-eabi/7.3.1/thumb/v7e-m/fpv5/hard/crti.o
 .data          0x0000000000000000        0x4 c:/st/stm32cubeide_1.4.0/stm32cubeide/plugins/com.st.stm32cube.ide.mcu.externaltools.gnu-tools-for-stm32.7-2018-q2-update.win32_1.4.0.202007081208/tools/bin/../lib/gcc/arm-none-eabi/7.3.1/thumb/v7e-m/fpv5/hard/crtbegin.o
 .text          0x0000000000000000       0x74 c:/st/stm32cubeide_1.4.0/stm32cubeide/plugins/com.st.stm32cube.ide.mcu.externaltools.gnu-tools-for-stm32.7-2018-q2-update.win32_1.4.0.202007081208/tools/bin/../lib/gcc/arm-none-eabi/7.3.1/../../../../arm-none-eabi/lib/thumb/v7e-m/fpv5/hard/crt0.o
 .data          0x0000000000000000        0x0 c:/st/stm32cubeide_1.4.0/stm32cubeide/plugins/com.st.stm32cube.ide.mcu.externaltools.gnu-tools-for-stm32.7-2018-q2-update.win32_1.4.0.202007081208/tools/bin/../lib/gcc/arm-none-eabi/7.3.1/../../../../arm-none-eabi/lib/thumb/v7e-m/fpv5/hard/crt0.o
 .bss           0x0000000000000000        0x0 c:/st/stm32cubeide_1.4.0/stm32cubeide/plugins/com.st.stm32cube.ide.mcu.externaltools.gnu-tools-for-stm32.7-2018-q2-update.win32_1.4.0.202007081208/tools/bin/../lib/gcc/arm-none-eabi/7.3.1/../../../../arm-none-eabi/lib/thumb/v7e-m/fpv5/hard/crt0.o
 .ARM.extab     0x0000000000000000        0x0 c:/st/stm32cubeide_1.4.0/stm32cubeide/plugins/com.st.stm32cube.ide.mcu.externaltools.gnu-tools-for-stm32.7-2018-q2-update.win32_1.4.0.202007081208/tools/bin/../lib/gcc/arm-none-eabi/7.3.1/../../../../arm-none-eabi/lib/thumb/v7e-m/fpv5/hard/crt0.o
 .ARM.exidx     0x0000000000000000        0x8 c:/st/stm32cubeide_1.4.0/stm32cubeide/plugins/com.st.stm32cube.ide.mcu.externaltools.gnu-tools-for-stm32.7-2018-q2-update.win32_1.4.0.202007081208/tools/bin/../lib/gcc/arm-none-eabi/7.3.1/../../../../arm-none-eabi/lib/thumb/v7e-m/fpv5/hard/crt0.o
 .ARM.attributes
                0x0000000000000000       0x1e c:/st/stm32cubeide_1.4.0/stm32cubeide/plugins/com.st.stm32cube.ide.mcu.externaltools.gnu-tools-for-stm32.7-2018-q2-update.win32_1.4.0.202007081208/tools/bin/../lib/gcc/arm-none-eabi/7.3.1/../../../../arm-none-eabi/lib/thumb/v7e-m/fpv5/hard/crt0.o
 .group         0x0000000000000000        0xc src/ap/ap.o
 .group         0x0000000000000000        0xc src/ap/ap.o
 .group         0x0000000000000000        0xc src/ap/ap.o
 .group         0x0000000000000000        0xc src/ap/ap.o
 .group         0x0000000000000000        0xc src/ap/ap.o
 .group         0x0000000000000000        0xc src/ap/ap.o
 .group         0x0000000000000000        0xc src/ap/ap.o
 .group         0x0000000000000000        0xc src/ap/ap.o
 .group         0x0000000000000000        0xc src/ap/ap.o
 .group         0x0000000000000000        0xc src/ap/ap.o
 .group         0x0000000000000000        0xc src/ap/ap.o
 .group         0x0000000000000000        0xc src/ap/ap.o
 .group         0x0000000000000000        0xc src/ap/ap.o
 .group         0x0000000000000000        0xc src/ap/ap.o
 .group         0x0000000000000000        0xc src/ap/ap.o
 .group         0x0000000000000000        0xc src/ap/ap.o
 .group         0x0000000000000000        0xc src/ap/ap.o
 .group         0x0000000000000000        0xc src/ap/ap.o
 .group         0x0000000000000000        0xc src/ap/ap.o
 .group         0x0000000000000000        0xc src/ap/ap.o
 .group         0x0000000000000000        0xc src/ap/ap.o
 .group         0x0000000000000000        0xc src/ap/ap.o
 .group         0x0000000000000000        0xc src/ap/ap.o
 .group         0x0000000000000000        0xc src/ap/ap.o
 .group         0x0000000000000000        0xc src/ap/ap.o
 .group         0x0000000000000000        0xc src/ap/ap.o
 .group         0x0000000000000000        0xc src/ap/ap.o
 .group         0x0000000000000000        0xc src/ap/ap.o
 .group         0x0000000000000000        0xc src/ap/ap.o
 .group         0x0000000000000000        0xc src/ap/ap.o
 .group         0x0000000000000000        0xc src/ap/ap.o
 .group         0x0000000000000000        0xc src/ap/ap.o
 .group         0x0000000000000000        0xc src/ap/ap.o
 .group         0x0000000000000000        0xc src/ap/ap.o
 .group         0x0000000000000000        0xc src/ap/ap.o
 .group         0x0000000000000000        0xc src/ap/ap.o
 .group         0x0000000000000000        0xc src/ap/ap.o
 .group         0x0000000000000000        0xc src/ap/ap.o
 .group         0x0000000000000000        0xc src/ap/ap.o
 .group         0x0000000000000000        0xc src/ap/ap.o
 .group         0x0000000000000000        0xc src/ap/ap.o
 .group         0x0000000000000000        0xc src/ap/ap.o
 .group         0x0000000000000000        0xc src/ap/ap.o
 .group         0x0000000000000000        0xc src/ap/ap.o
 .group         0x0000000000000000        0xc src/ap/ap.o
 .group         0x0000000000000000        0xc src/ap/ap.o
 .group         0x0000000000000000        0xc src/ap/ap.o
 .text          0x0000000000000000        0x0 src/ap/ap.o
 .data          0x0000000000000000        0x0 src/ap/ap.o
 .bss           0x0000000000000000        0x0 src/ap/ap.o
 .group         0x0000000000000000        0xc src/bsp/bsp.o
 .group         0x0000000000000000        0xc src/bsp/bsp.o
 .group         0x0000000000000000        0xc src/bsp/bsp.o
 .group         0x0000000000000000        0xc src/bsp/bsp.o
 .group         0x0000000000000000        0xc src/bsp/bsp.o
 .group         0x0000000000000000        0xc src/bsp/bsp.o
 .group         0x0000000000000000        0xc src/bsp/bsp.o
 .group         0x0000000000000000        0xc src/bsp/bsp.o
 .group         0x0000000000000000        0xc src/bsp/bsp.o
 .group         0x0000000000000000        0xc src/bsp/bsp.o
 .group         0x0000000000000000        0xc src/bsp/bsp.o
 .group         0x0000000000000000        0xc src/bsp/bsp.o
 .group         0x0000000000000000        0xc src/bsp/bsp.o
 .group         0x0000000000000000        0xc src/bsp/bsp.o
 .group         0x0000000000000000        0xc src/bsp/bsp.o
 .group         0x0000000000000000        0xc src/bsp/bsp.o
 .group         0x0000000000000000        0xc src/bsp/bsp.o
 .group         0x0000000000000000        0xc src/bsp/bsp.o
 .group         0x0000000000000000        0xc src/bsp/bsp.o
 .group         0x0000000000000000        0xc src/bsp/bsp.o
 .group         0x0000000000000000        0xc src/bsp/bsp.o
 .group         0x0000000000000000        0xc src/bsp/bsp.o
 .group         0x0000000000000000        0xc src/bsp/bsp.o
 .group         0x0000000000000000        0xc src/bsp/bsp.o
 .group         0x0000000000000000        0xc src/bsp/bsp.o
 .group         0x0000000000000000        0xc src/bsp/bsp.o
 .group         0x0000000000000000        0xc src/bsp/bsp.o
 .group         0x0000000000000000        0xc src/bsp/bsp.o
 .group         0x0000000000000000        0xc src/bsp/bsp.o
 .group         0x0000000000000000        0xc src/bsp/bsp.o
 .group         0x0000000000000000        0xc src/bsp/bsp.o
 .group         0x0000000000000000        0xc src/bsp/bsp.o
 .group         0x0000000000000000        0xc src/bsp/bsp.o
 .group         0x0000000000000000        0xc src/bsp/bsp.o
 .group         0x0000000000000000        0xc src/bsp/bsp.o
 .group         0x0000000000000000        0xc src/bsp/bsp.o
 .group         0x0000000000000000        0xc src/bsp/bsp.o
 .group         0x0000000000000000        0xc src/bsp/bsp.o
 .group         0x0000000000000000        0xc src/bsp/bsp.o
 .group         0x0000000000000000        0xc src/bsp/bsp.o
 .text          0x0000000000000000        0x0 src/bsp/bsp.o
 .data          0x0000000000000000        0x0 src/bsp/bsp.o
 .bss           0x0000000000000000        0x0 src/bsp/bsp.o
 .debug_macro   0x0000000000000000       0x22 src/bsp/bsp.o
 .debug_macro   0x0000000000000000       0x40 src/bsp/bsp.o
 .debug_macro   0x0000000000000000       0x17 src/bsp/bsp.o
 .debug_macro   0x0000000000000000       0x94 src/bsp/bsp.o
 .debug_macro   0x0000000000000000       0x3c src/bsp/bsp.o
 .debug_macro   0x0000000000000000       0x16 src/bsp/bsp.o
 .debug_macro   0x0000000000000000       0x57 src/bsp/bsp.o
 .debug_macro   0x0000000000000000       0x10 src/bsp/bsp.o
 .debug_macro   0x0000000000000000       0x52 src/bsp/bsp.o
 .debug_macro   0x0000000000000000       0x1f src/bsp/bsp.o
 .debug_macro   0x0000000000000000       0x20 src/bsp/bsp.o
 .debug_macro   0x0000000000000000      0x1a3 src/bsp/bsp.o
 .debug_macro   0x0000000000000000       0x10 src/bsp/bsp.o
 .debug_macro   0x0000000000000000       0x6a src/bsp/bsp.o
 .debug_macro   0x0000000000000000       0x1c src/bsp/bsp.o
 .debug_macro   0x0000000000000000       0x52 src/bsp/bsp.o
 .debug_macro   0x0000000000000000       0x40 src/bsp/bsp.o
 .debug_macro   0x0000000000000000       0x10 src/bsp/bsp.o
 .debug_macro   0x0000000000000000       0x40 src/bsp/bsp.o
 .debug_macro   0x0000000000000000       0xd7 src/bsp/bsp.o
 .debug_macro   0x0000000000000000       0x1c src/bsp/bsp.o
 .debug_macro   0x0000000000000000       0x3d src/bsp/bsp.o
 .debug_macro   0x0000000000000000       0x16 src/bsp/bsp.o
 .debug_macro   0x0000000000000000       0xef src/bsp/bsp.o
 .debug_macro   0x0000000000000000      0x1df src/bsp/bsp.o
 .debug_macro   0x0000000000000000       0x16 src/bsp/bsp.o
 .debug_macro   0x0000000000000000       0x20 src/bsp/bsp.o
 .debug_macro   0x0000000000000000       0x16 src/bsp/bsp.o
 .debug_macro   0x0000000000000000       0x16 src/bsp/bsp.o
 .debug_macro   0x0000000000000000       0x29 src/bsp/bsp.o
 .debug_macro   0x0000000000000000       0x4c src/bsp/bsp.o
 .group         0x0000000000000000        0xc src/bsp/syscalls.o
 .group         0x0000000000000000        0xc src/bsp/syscalls.o
 .group         0x0000000000000000        0xc src/bsp/syscalls.o
 .group         0x0000000000000000        0xc src/bsp/syscalls.o
 .group         0x0000000000000000        0xc src/bsp/syscalls.o
 .group         0x0000000000000000        0xc src/bsp/syscalls.o
 .group         0x0000000000000000        0xc src/bsp/syscalls.o
 .group         0x0000000000000000        0xc src/bsp/syscalls.o
 .group         0x0000000000000000        0xc src/bsp/syscalls.o
 .group         0x0000000000000000        0xc src/bsp/syscalls.o
 .group         0x0000000000000000        0xc src/bsp/syscalls.o
 .group         0x0000000000000000        0xc src/bsp/syscalls.o
 .group         0x0000000000000000        0xc src/bsp/syscalls.o
 .group         0x0000000000000000        0xc src/bsp/syscalls.o
 .group         0x0000000000000000        0xc src/bsp/syscalls.o
 .group         0x0000000000000000        0xc src/bsp/syscalls.o
 .group         0x0000000000000000        0xc src/bsp/syscalls.o
 .group         0x0000000000000000        0xc src/bsp/syscalls.o
 .group         0x0000000000000000        0xc src/bsp/syscalls.o
 .group         0x0000000000000000        0xc src/bsp/syscalls.o
 .group         0x0000000000000000        0xc src/bsp/syscalls.o
 .group         0x0000000000000000        0xc src/bsp/syscalls.o
 .group         0x0000000000000000        0xc src/bsp/syscalls.o
 .group         0x0000000000000000        0xc src/bsp/syscalls.o
 .group         0x0000000000000000        0xc src/bsp/syscalls.o
 .group         0x0000000000000000        0xc src/bsp/syscalls.o
 .group         0x0000000000000000        0xc src/bsp/syscalls.o
 .group         0x0000000000000000        0xc src/bsp/syscalls.o
 .group         0x0000000000000000        0xc src/bsp/syscalls.o
 .group         0x0000000000000000        0xc src/bsp/syscalls.o
 .group         0x0000000000000000        0xc src/bsp/syscalls.o
 .group         0x0000000000000000        0xc src/bsp/syscalls.o
 .group         0x0000000000000000        0xc src/bsp/syscalls.o
 .group         0x0000000000000000        0xc src/bsp/syscalls.o
 .group         0x0000000000000000        0xc src/bsp/syscalls.o
 .group         0x0000000000000000        0xc src/bsp/syscalls.o
 .group         0x0000000000000000        0xc src/bsp/syscalls.o
 .group         0x0000000000000000        0xc src/bsp/syscalls.o
 .group         0x0000000000000000        0xc src/bsp/syscalls.o
 .group         0x0000000000000000        0xc src/bsp/syscalls.o
 .group         0x0000000000000000        0xc src/bsp/syscalls.o
 .group         0x0000000000000000        0xc src/bsp/syscalls.o
 .group         0x0000000000000000        0xc src/bsp/syscalls.o
 .group         0x0000000000000000        0xc src/bsp/syscalls.o
 .text          0x0000000000000000        0x0 src/bsp/syscalls.o
 .data          0x0000000000000000        0x0 src/bsp/syscalls.o
 .bss           0x0000000000000000        0x0 src/bsp/syscalls.o
 .bss.__env     0x0000000000000000        0x4 src/bsp/syscalls.o
 .data.environ  0x0000000000000000        0x4 src/bsp/syscalls.o
 .text.initialise_monitor_handles
                0x0000000000000000        0xe src/bsp/syscalls.o
 .text._getpid  0x0000000000000000       0x10 src/bsp/syscalls.o
 .text._kill    0x0000000000000000       0x20 src/bsp/syscalls.o
 .text._exit    0x0000000000000000       0x14 src/bsp/syscalls.o
 .text._read    0x0000000000000000       0x3a src/bsp/syscalls.o
 .text._write   0x0000000000000000       0x38 src/bsp/syscalls.o
 .text._close   0x0000000000000000       0x18 src/bsp/syscalls.o
 .text._fstat   0x0000000000000000       0x20 src/bsp/syscalls.o
 .text._isatty  0x0000000000000000       0x16 src/bsp/syscalls.o
 .text._lseek   0x0000000000000000       0x1a src/bsp/syscalls.o
 .text._open    0x0000000000000000       0x1c src/bsp/syscalls.o
 .text._wait    0x0000000000000000       0x1e src/bsp/syscalls.o
 .text._unlink  0x0000000000000000       0x1e src/bsp/syscalls.o
 .text._times   0x0000000000000000       0x18 src/bsp/syscalls.o
 .text._stat    0x0000000000000000       0x20 src/bsp/syscalls.o
 .text._link    0x0000000000000000       0x20 src/bsp/syscalls.o
 .text._fork    0x0000000000000000       0x16 src/bsp/syscalls.o
 .text._execve  0x0000000000000000       0x22 src/bsp/syscalls.o
 .debug_info    0x0000000000000000      0xebd src/bsp/syscalls.o
 .debug_abbrev  0x0000000000000000      0x261 src/bsp/syscalls.o
 .debug_aranges
                0x0000000000000000       0xa8 src/bsp/syscalls.o
 .debug_ranges  0x0000000000000000       0x98 src/bsp/syscalls.o
 .debug_macro   0x0000000000000000      0x243 src/bsp/syscalls.o
 .debug_macro   0x0000000000000000      0xa72 src/bsp/syscalls.o
 .debug_macro   0x0000000000000000       0x22 src/bsp/syscalls.o
 .debug_macro   0x0000000000000000       0x40 src/bsp/syscalls.o
 .debug_macro   0x0000000000000000       0x17 src/bsp/syscalls.o
 .debug_macro   0x0000000000000000       0x94 src/bsp/syscalls.o
 .debug_macro   0x0000000000000000       0x3c src/bsp/syscalls.o
 .debug_macro   0x0000000000000000       0x34 src/bsp/syscalls.o
 .debug_macro   0x0000000000000000       0x57 src/bsp/syscalls.o
 .debug_macro   0x0000000000000000      0x174 src/bsp/syscalls.o
 .debug_macro   0x0000000000000000      0x330 src/bsp/syscalls.o
 .debug_macro   0x0000000000000000       0x52 src/bsp/syscalls.o
 .debug_macro   0x0000000000000000       0x1f src/bsp/syscalls.o
 .debug_macro   0x0000000000000000       0x43 src/bsp/syscalls.o
 .debug_macro   0x0000000000000000       0x20 src/bsp/syscalls.o
 .debug_macro   0x0000000000000000      0x1a3 src/bsp/syscalls.o
 .debug_macro   0x0000000000000000       0x10 src/bsp/syscalls.o
 .debug_macro   0x0000000000000000       0x35 src/bsp/syscalls.o
 .debug_macro   0x0000000000000000       0x10 src/bsp/syscalls.o
 .debug_macro   0x0000000000000000       0x10 src/bsp/syscalls.o
 .debug_macro   0x0000000000000000       0x10 src/bsp/syscalls.o
 .debug_macro   0x0000000000000000       0x6a src/bsp/syscalls.o
 .debug_macro   0x0000000000000000       0x1c src/bsp/syscalls.o
 .debug_macro   0x0000000000000000       0x52 src/bsp/syscalls.o
 .debug_macro   0x0000000000000000       0x40 src/bsp/syscalls.o
 .debug_macro   0x0000000000000000       0x10 src/bsp/syscalls.o
 .debug_macro   0x0000000000000000       0x40 src/bsp/syscalls.o
 .debug_macro   0x0000000000000000       0xd7 src/bsp/syscalls.o
 .debug_macro   0x0000000000000000       0x1c src/bsp/syscalls.o
 .debug_macro   0x0000000000000000       0x3d src/bsp/syscalls.o
 .debug_macro   0x0000000000000000       0x35 src/bsp/syscalls.o
 .debug_macro   0x0000000000000000      0x122 src/bsp/syscalls.o
 .debug_macro   0x0000000000000000       0x16 src/bsp/syscalls.o
 .debug_macro   0x0000000000000000       0x16 src/bsp/syscalls.o
 .debug_macro   0x0000000000000000       0x29 src/bsp/syscalls.o
 .debug_macro   0x0000000000000000       0x10 src/bsp/syscalls.o
 .debug_macro   0x0000000000000000      0x241 src/bsp/syscalls.o
 .debug_macro   0x0000000000000000       0x1c src/bsp/syscalls.o
 .debug_macro   0x0000000000000000       0x10 src/bsp/syscalls.o
 .debug_macro   0x0000000000000000       0x10 src/bsp/syscalls.o
 .debug_macro   0x0000000000000000       0x16 src/bsp/syscalls.o
 .debug_macro   0x0000000000000000      0x145 src/bsp/syscalls.o
 .debug_macro   0x0000000000000000      0x189 src/bsp/syscalls.o
 .debug_macro   0x0000000000000000       0x16 src/bsp/syscalls.o
 .debug_macro   0x0000000000000000       0x88 src/bsp/syscalls.o
 .debug_line    0x0000000000000000      0x73d src/bsp/syscalls.o
 .debug_str     0x0000000000000000     0x88ba src/bsp/syscalls.o
 .comment       0x0000000000000000       0x7c src/bsp/syscalls.o
 .debug_frame   0x0000000000000000      0x2ac src/bsp/syscalls.o
 .ARM.attributes
                0x0000000000000000       0x37 src/bsp/syscalls.o
 .group         0x0000000000000000        0xc src/bsp/sysmem.o
 .group         0x0000000000000000        0xc src/bsp/sysmem.o
 .group         0x0000000000000000        0xc src/bsp/sysmem.o
 .group         0x0000000000000000        0xc src/bsp/sysmem.o
 .group         0x0000000000000000        0xc src/bsp/sysmem.o
 .group         0x0000000000000000        0xc src/bsp/sysmem.o
 .group         0x0000000000000000        0xc src/bsp/sysmem.o
 .group         0x0000000000000000        0xc src/bsp/sysmem.o
 .group         0x0000000000000000        0xc src/bsp/sysmem.o
 .group         0x0000000000000000        0xc src/bsp/sysmem.o
 .group         0x0000000000000000        0xc src/bsp/sysmem.o
 .group         0x0000000000000000        0xc src/bsp/sysmem.o
 .group         0x0000000000000000        0xc src/bsp/sysmem.o
 .group         0x0000000000000000        0xc src/bsp/sysmem.o
 .group         0x0000000000000000        0xc src/bsp/sysmem.o
 .group         0x0000000000000000        0xc src/bsp/sysmem.o
 .group         0x0000000000000000        0xc src/bsp/sysmem.o
 .group         0x0000000000000000        0xc src/bsp/sysmem.o
 .group         0x0000000000000000        0xc src/bsp/sysmem.o
 .text          0x0000000000000000        0x0 src/bsp/sysmem.o
 .data          0x0000000000000000        0x0 src/bsp/sysmem.o
 .bss           0x0000000000000000        0x0 src/bsp/sysmem.o
 .bss.__sbrk_heap_end
                0x0000000000000000        0x4 src/bsp/sysmem.o
 .text._sbrk    0x0000000000000000       0x6c src/bsp/sysmem.o
 .debug_info    0x0000000000000000      0x985 src/bsp/sysmem.o
 .debug_abbrev  0x0000000000000000      0x19b src/bsp/sysmem.o
 .debug_aranges
                0x0000000000000000       0x20 src/bsp/sysmem.o
 .debug_ranges  0x0000000000000000       0x10 src/bsp/sysmem.o
 .debug_macro   0x0000000000000000       0xee src/bsp/sysmem.o
 .debug_macro   0x0000000000000000      0xa72 src/bsp/sysmem.o
 .debug_macro   0x0000000000000000       0x10 src/bsp/sysmem.o
 .debug_macro   0x0000000000000000       0x22 src/bsp/sysmem.o
 .debug_macro   0x0000000000000000       0x40 src/bsp/sysmem.o
 .debug_macro   0x0000000000000000       0x17 src/bsp/sysmem.o
 .debug_macro   0x0000000000000000       0x94 src/bsp/sysmem.o
 .debug_macro   0x0000000000000000       0x3c src/bsp/sysmem.o
 .debug_macro   0x0000000000000000       0x34 src/bsp/sysmem.o
 .debug_macro   0x0000000000000000      0x174 src/bsp/sysmem.o
 .debug_macro   0x0000000000000000       0x57 src/bsp/sysmem.o
 .debug_macro   0x0000000000000000       0x52 src/bsp/sysmem.o
 .debug_macro   0x0000000000000000       0x1f src/bsp/sysmem.o
 .debug_macro   0x0000000000000000       0x43 src/bsp/sysmem.o
 .debug_macro   0x0000000000000000       0x20 src/bsp/sysmem.o
 .debug_macro   0x0000000000000000      0x1a3 src/bsp/sysmem.o
 .debug_macro   0x0000000000000000      0x23b src/bsp/sysmem.o
 .debug_macro   0x0000000000000000       0xef src/bsp/sysmem.o
 .debug_macro   0x0000000000000000       0x6a src/bsp/sysmem.o
 .debug_macro   0x0000000000000000      0x1df src/bsp/sysmem.o
 .debug_line    0x0000000000000000      0x4c6 src/bsp/sysmem.o
 .debug_str     0x0000000000000000     0x5f88 src/bsp/sysmem.o
 .comment       0x0000000000000000       0x7c src/bsp/sysmem.o
 .debug_frame   0x0000000000000000       0x34 src/bsp/sysmem.o
 .ARM.attributes
                0x0000000000000000       0x37 src/bsp/sysmem.o
 .text          0x0000000000000000       0x14 src/bsp/startup/startup_stm32h750vbtx.o
 .data          0x0000000000000000        0x0 src/bsp/startup/startup_stm32h750vbtx.o
 .bss           0x0000000000000000        0x0 src/bsp/startup/startup_stm32h750vbtx.o
 .group         0x0000000000000000        0xc src/hw/hw.o
 .group         0x0000000000000000        0xc src/hw/hw.o
 .group         0x0000000000000000        0xc src/hw/hw.o
 .group         0x0000000000000000        0xc src/hw/hw.o
 .group         0x0000000000000000        0xc src/hw/hw.o
 .group         0x0000000000000000        0xc src/hw/hw.o
 .group         0x0000000000000000        0xc src/hw/hw.o
 .group         0x0000000000000000        0xc src/hw/hw.o
 .group         0x0000000000000000        0xc src/hw/hw.o
 .group         0x0000000000000000        0xc src/hw/hw.o
 .group         0x0000000000000000        0xc src/hw/hw.o
 .group         0x0000000000000000        0xc src/hw/hw.o
 .group         0x0000000000000000        0xc src/hw/hw.o
 .group         0x0000000000000000        0xc src/hw/hw.o
 .group         0x0000000000000000        0xc src/hw/hw.o
 .group         0x0000000000000000        0xc src/hw/hw.o
 .group         0x0000000000000000        0xc src/hw/hw.o
 .group         0x0000000000000000        0xc src/hw/hw.o
 .group         0x0000000000000000        0xc src/hw/hw.o
 .group         0x0000000000000000        0xc src/hw/hw.o
 .group         0x0000000000000000        0xc src/hw/hw.o
 .group         0x0000000000000000        0xc src/hw/hw.o
 .group         0x0000000000000000        0xc src/hw/hw.o
 .group         0x0000000000000000        0xc src/hw/hw.o
 .group         0x0000000000000000        0xc src/hw/hw.o
 .group         0x0000000000000000        0xc src/hw/hw.o
 .group         0x0000000000000000        0xc src/hw/hw.o
 .group         0x0000000000000000        0xc src/hw/hw.o
 .group         0x0000000000000000        0xc src/hw/hw.o
 .group         0x0000000000000000        0xc src/hw/hw.o
 .group         0x0000000000000000        0xc src/hw/hw.o
 .group         0x0000000000000000        0xc src/hw/hw.o
 .group         0x0000000000000000        0xc src/hw/hw.o
 .group         0x0000000000000000        0xc src/hw/hw.o
 .group         0x0000000000000000        0xc src/hw/hw.o
 .group         0x0000000000000000        0xc src/hw/hw.o
 .group         0x0000000000000000        0xc src/hw/hw.o
 .group         0x0000000000000000        0xc src/hw/hw.o
 .group         0x0000000000000000        0xc src/hw/hw.o
 .group         0x0000000000000000        0xc src/hw/hw.o
 .text          0x0000000000000000        0x0 src/hw/hw.o
 .data          0x0000000000000000        0x0 src/hw/hw.o
 .bss           0x0000000000000000        0x0 src/hw/hw.o
 .debug_macro   0x0000000000000000      0xa72 src/hw/hw.o
 .debug_macro   0x0000000000000000       0x22 src/hw/hw.o
 .debug_macro   0x0000000000000000       0x40 src/hw/hw.o
 .debug_macro   0x0000000000000000       0x17 src/hw/hw.o
 .debug_macro   0x0000000000000000       0x94 src/hw/hw.o
 .debug_macro   0x0000000000000000       0x3c src/hw/hw.o
 .debug_macro   0x0000000000000000       0x34 src/hw/hw.o
 .debug_macro   0x0000000000000000       0x16 src/hw/hw.o
 .debug_macro   0x0000000000000000       0x57 src/hw/hw.o
 .debug_macro   0x0000000000000000       0x97 src/hw/hw.o
 .debug_macro   0x0000000000000000      0x330 src/hw/hw.o
 .debug_macro   0x0000000000000000       0xfd src/hw/hw.o
 .debug_macro   0x0000000000000000       0x10 src/hw/hw.o
 .debug_macro   0x0000000000000000       0x52 src/hw/hw.o
 .debug_macro   0x0000000000000000       0x1f src/hw/hw.o
 .debug_macro   0x0000000000000000       0x43 src/hw/hw.o
 .debug_macro   0x0000000000000000       0x20 src/hw/hw.o
 .debug_macro   0x0000000000000000      0x1a3 src/hw/hw.o
 .debug_macro   0x0000000000000000       0x10 src/hw/hw.o
 .debug_macro   0x0000000000000000       0x6a src/hw/hw.o
 .debug_macro   0x0000000000000000       0x1c src/hw/hw.o
 .debug_macro   0x0000000000000000       0x52 src/hw/hw.o
 .debug_macro   0x0000000000000000       0x40 src/hw/hw.o
 .debug_macro   0x0000000000000000       0x10 src/hw/hw.o
 .debug_macro   0x0000000000000000       0x40 src/hw/hw.o
 .debug_macro   0x0000000000000000       0xd7 src/hw/hw.o
 .debug_macro   0x0000000000000000       0x1c src/hw/hw.o
 .debug_macro   0x0000000000000000       0x3d src/hw/hw.o
 .debug_macro   0x0000000000000000       0x16 src/hw/hw.o
 .debug_macro   0x0000000000000000      0x145 src/hw/hw.o
 .debug_macro   0x0000000000000000       0xef src/hw/hw.o
 .debug_macro   0x0000000000000000      0x1df src/hw/hw.o
 .debug_macro   0x0000000000000000       0x22 src/hw/hw.o
 .debug_macro   0x0000000000000000       0x16 src/hw/hw.o
 .debug_macro   0x0000000000000000       0x35 src/hw/hw.o
 .debug_macro   0x0000000000000000       0x20 src/hw/hw.o
 .debug_macro   0x0000000000000000       0x16 src/hw/hw.o
 .debug_macro   0x0000000000000000       0x16 src/hw/hw.o
 .debug_macro   0x0000000000000000       0x29 src/hw/hw.o
 .debug_macro   0x0000000000000000       0x4c src/hw/hw.o
 .group         0x0000000000000000        0xc src/main.o
 .group         0x0000000000000000        0xc src/main.o
 .group         0x0000000000000000        0xc src/main.o
 .group         0x0000000000000000        0xc src/main.o
 .group         0x0000000000000000        0xc src/main.o
 .group         0x0000000000000000        0xc src/main.o
 .group         0x0000000000000000        0xc src/main.o
 .group         0x0000000000000000        0xc src/main.o
 .group         0x0000000000000000        0xc src/main.o
 .group         0x0000000000000000        0xc src/main.o
 .group         0x0000000000000000        0xc src/main.o
 .group         0x0000000000000000        0xc src/main.o
 .group         0x0000000000000000        0xc src/main.o
 .group         0x0000000000000000        0xc src/main.o
 .group         0x0000000000000000        0xc src/main.o
 .group         0x0000000000000000        0xc src/main.o
 .group         0x0000000000000000        0xc src/main.o
 .group         0x0000000000000000        0xc src/main.o
 .group         0x0000000000000000        0xc src/main.o
 .group         0x0000000000000000        0xc src/main.o
 .group         0x0000000000000000        0xc src/main.o
 .group         0x0000000000000000        0xc src/main.o
 .group         0x0000000000000000        0xc src/main.o
 .group         0x0000000000000000        0xc src/main.o
 .group         0x0000000000000000        0xc src/main.o
 .group         0x0000000000000000        0xc src/main.o
 .group         0x0000000000000000        0xc src/main.o
 .group         0x0000000000000000        0xc src/main.o
 .group         0x0000000000000000        0xc src/main.o
 .group         0x0000000000000000        0xc src/main.o
 .group         0x0000000000000000        0xc src/main.o
 .group         0x0000000000000000        0xc src/main.o
 .group         0x0000000000000000        0xc src/main.o
 .group         0x0000000000000000        0xc src/main.o
 .group         0x0000000000000000        0xc src/main.o
 .group         0x0000000000000000        0xc src/main.o
 .group         0x0000000000000000        0xc src/main.o
 .group         0x0000000000000000        0xc src/main.o
 .group         0x0000000000000000        0xc src/main.o
 .group         0x0000000000000000        0xc src/main.o
 .group         0x0000000000000000        0xc src/main.o
 .group         0x0000000000000000        0xc src/main.o
 .group         0x0000000000000000        0xc src/main.o
 .group         0x0000000000000000        0xc src/main.o
 .group         0x0000000000000000        0xc src/main.o
 .group         0x0000000000000000        0xc src/main.o
 .group         0x0000000000000000        0xc src/main.o
 .text          0x0000000000000000        0x0 src/main.o
 .data          0x0000000000000000        0x0 src/main.o
 .bss           0x0000000000000000        0x0 src/main.o
 .debug_macro   0x0000000000000000      0xb44 src/main.o
 .debug_macro   0x0000000000000000       0x22 src/main.o
 .debug_macro   0x0000000000000000       0x40 src/main.o
 .debug_macro   0x0000000000000000       0x17 src/main.o
 .debug_macro   0x0000000000000000       0x94 src/main.o
 .debug_macro   0x0000000000000000       0x3c src/main.o
 .debug_macro   0x0000000000000000       0x34 src/main.o
 .debug_macro   0x0000000000000000       0x16 src/main.o
 .debug_macro   0x0000000000000000       0x57 src/main.o
 .debug_macro   0x0000000000000000       0x97 src/main.o
 .debug_macro   0x0000000000000000      0x353 src/main.o
 .debug_macro   0x0000000000000000      0x104 src/main.o
 .debug_macro   0x0000000000000000       0x10 src/main.o
 .debug_macro   0x0000000000000000       0x52 src/main.o
 .debug_macro   0x0000000000000000       0x1f src/main.o
 .debug_macro   0x0000000000000000       0x43 src/main.o
 .debug_macro   0x0000000000000000       0x20 src/main.o
 .debug_macro   0x0000000000000000      0x1a3 src/main.o
 .debug_macro   0x0000000000000000       0x10 src/main.o
 .debug_macro   0x0000000000000000       0x6a src/main.o
 .debug_macro   0x0000000000000000       0x1c src/main.o
 .debug_macro   0x0000000000000000       0x52 src/main.o
 .debug_macro   0x0000000000000000       0x40 src/main.o
 .debug_macro   0x0000000000000000       0x10 src/main.o
 .debug_macro   0x0000000000000000       0x40 src/main.o
 .debug_macro   0x0000000000000000       0xd7 src/main.o
 .debug_macro   0x0000000000000000       0x1c src/main.o
 .debug_macro   0x0000000000000000       0x3d src/main.o
 .debug_macro   0x0000000000000000       0x16 src/main.o
 .debug_macro   0x0000000000000000      0x137 src/main.o
 .debug_macro   0x0000000000000000       0x1c src/main.o
 .debug_macro   0x0000000000000000       0xef src/main.o
 .debug_macro   0x0000000000000000      0x1df src/main.o
 .debug_macro   0x0000000000000000       0x16 src/main.o
 .debug_macro   0x0000000000000000       0x16 src/main.o
 .debug_macro   0x0000000000000000       0x35 src/main.o
 .debug_macro   0x0000000000000000       0x20 src/main.o
 .debug_macro   0x0000000000000000      0x168 src/main.o
 .debug_macro   0x0000000000000000       0x10 src/main.o
 .debug_macro   0x0000000000000000      0x3f4 src/main.o
 .debug_macro   0x0000000000000000       0x10 src/main.o
 .debug_macro   0x0000000000000000       0x16 src/main.o
 .debug_macro   0x0000000000000000       0x16 src/main.o
 .debug_macro   0x0000000000000000       0x29 src/main.o
 .debug_macro   0x0000000000000000       0x1c src/main.o
 .debug_macro   0x0000000000000000       0xde src/main.o
 .debug_macro   0x0000000000000000       0x4c src/main.o
 .text          0x0000000000000000        0x0 c:/st/stm32cubeide_1.4.0/stm32cubeide/plugins/com.st.stm32cube.ide.mcu.externaltools.gnu-tools-for-stm32.7-2018-q2-update.win32_1.4.0.202007081208/tools/bin/../lib/gcc/arm-none-eabi/7.3.1/../../../../arm-none-eabi/lib/thumb/v7e-m/fpv5/hard\libc_nano.a(lib_a-errno.o)
 .data          0x0000000000000000        0x0 c:/st/stm32cubeide_1.4.0/stm32cubeide/plugins/com.st.stm32cube.ide.mcu.externaltools.gnu-tools-for-stm32.7-2018-q2-update.win32_1.4.0.202007081208/tools/bin/../lib/gcc/arm-none-eabi/7.3.1/../../../../arm-none-eabi/lib/thumb/v7e-m/fpv5/hard\libc_nano.a(lib_a-errno.o)
 .bss           0x0000000000000000        0x0 c:/st/stm32cubeide_1.4.0/stm32cubeide/plugins/com.st.stm32cube.ide.mcu.externaltools.gnu-tools-for-stm32.7-2018-q2-update.win32_1.4.0.202007081208/tools/bin/../lib/gcc/arm-none-eabi/7.3.1/../../../../arm-none-eabi/lib/thumb/v7e-m/fpv5/hard\libc_nano.a(lib_a-errno.o)
 .text.__errno  0x0000000000000000        0xc c:/st/stm32cubeide_1.4.0/stm32cubeide/plugins/com.st.stm32cube.ide.mcu.externaltools.gnu-tools-for-stm32.7-2018-q2-update.win32_1.4.0.202007081208/tools/bin/../lib/gcc/arm-none-eabi/7.3.1/../../../../arm-none-eabi/lib/thumb/v7e-m/fpv5/hard\libc_nano.a(lib_a-errno.o)
 .debug_frame   0x0000000000000000       0x20 c:/st/stm32cubeide_1.4.0/stm32cubeide/plugins/com.st.stm32cube.ide.mcu.externaltools.gnu-tools-for-stm32.7-2018-q2-update.win32_1.4.0.202007081208/tools/bin/../lib/gcc/arm-none-eabi/7.3.1/../../../../arm-none-eabi/lib/thumb/v7e-m/fpv5/hard\libc_nano.a(lib_a-errno.o)
 .ARM.attributes
                0x0000000000000000       0x32 c:/st/stm32cubeide_1.4.0/stm32cubeide/plugins/com.st.stm32cube.ide.mcu.externaltools.gnu-tools-for-stm32.7-2018-q2-update.win32_1.4.0.202007081208/tools/bin/../lib/gcc/arm-none-eabi/7.3.1/../../../../arm-none-eabi/lib/thumb/v7e-m/fpv5/hard\libc_nano.a(lib_a-errno.o)
 .text          0x0000000000000000        0x0 c:/st/stm32cubeide_1.4.0/stm32cubeide/plugins/com.st.stm32cube.ide.mcu.externaltools.gnu-tools-for-stm32.7-2018-q2-update.win32_1.4.0.202007081208/tools/bin/../lib/gcc/arm-none-eabi/7.3.1/../../../../arm-none-eabi/lib/thumb/v7e-m/fpv5/hard\libc_nano.a(lib_a-exit.o)
 .data          0x0000000000000000        0x0 c:/st/stm32cubeide_1.4.0/stm32cubeide/plugins/com.st.stm32cube.ide.mcu.externaltools.gnu-tools-for-stm32.7-2018-q2-update.win32_1.4.0.202007081208/tools/bin/../lib/gcc/arm-none-eabi/7.3.1/../../../../arm-none-eabi/lib/thumb/v7e-m/fpv5/hard\libc_nano.a(lib_a-exit.o)
 .bss           0x0000000000000000        0x0 c:/st/stm32cubeide_1.4.0/stm32cubeide/plugins/com.st.stm32cube.ide.mcu.externaltools.gnu-tools-for-stm32.7-2018-q2-update.win32_1.4.0.202007081208/tools/bin/../lib/gcc/arm-none-eabi/7.3.1/../../../../arm-none-eabi/lib/thumb/v7e-m/fpv5/hard\libc_nano.a(lib_a-exit.o)
 .text.exit     0x0000000000000000       0x28 c:/st/stm32cubeide_1.4.0/stm32cubeide/plugins/com.st.stm32cube.ide.mcu.externaltools.gnu-tools-for-stm32.7-2018-q2-update.win32_1.4.0.202007081208/tools/bin/../lib/gcc/arm-none-eabi/7.3.1/../../../../arm-none-eabi/lib/thumb/v7e-m/fpv5/hard\libc_nano.a(lib_a-exit.o)
 .debug_frame   0x0000000000000000       0x28 c:/st/stm32cubeide_1.4.0/stm32cubeide/plugins/com.st.stm32cube.ide.mcu.externaltools.gnu-tools-for-stm32.7-2018-q2-update.win32_1.4.0.202007081208/tools/bin/../lib/gcc/arm-none-eabi/7.3.1/../../../../arm-none-eabi/lib/thumb/v7e-m/fpv5/hard\libc_nano.a(lib_a-exit.o)
 .ARM.attributes
                0x0000000000000000       0x32 c:/st/stm32cubeide_1.4.0/stm32cubeide/plugins/com.st.stm32cube.ide.mcu.externaltools.gnu-tools-for-stm32.7-2018-q2-update.win32_1.4.0.202007081208/tools/bin/../lib/gcc/arm-none-eabi/7.3.1/../../../../arm-none-eabi/lib/thumb/v7e-m/fpv5/hard\libc_nano.a(lib_a-exit.o)
 .text          0x0000000000000000        0x0 c:/st/stm32cubeide_1.4.0/stm32cubeide/plugins/com.st.stm32cube.ide.mcu.externaltools.gnu-tools-for-stm32.7-2018-q2-update.win32_1.4.0.202007081208/tools/bin/../lib/gcc/arm-none-eabi/7.3.1/../../../../arm-none-eabi/lib/thumb/v7e-m/fpv5/hard\libc_nano.a(lib_a-impure.o)
 .data          0x0000000000000000        0x0 c:/st/stm32cubeide_1.4.0/stm32cubeide/plugins/com.st.stm32cube.ide.mcu.externaltools.gnu-tools-for-stm32.7-2018-q2-update.win32_1.4.0.202007081208/tools/bin/../lib/gcc/arm-none-eabi/7.3.1/../../../../arm-none-eabi/lib/thumb/v7e-m/fpv5/hard\libc_nano.a(lib_a-impure.o)
 .bss           0x0000000000000000        0x0 c:/st/stm32cubeide_1.4.0/stm32cubeide/plugins/com.st.stm32cube.ide.mcu.externaltools.gnu-tools-for-stm32.7-2018-q2-update.win32_1.4.0.202007081208/tools/bin/../lib/gcc/arm-none-eabi/7.3.1/../../../../arm-none-eabi/lib/thumb/v7e-m/fpv5/hard\libc_nano.a(lib_a-impure.o)
 .data._impure_ptr
                0x0000000000000000        0x4 c:/st/stm32cubeide_1.4.0/stm32cubeide/plugins/com.st.stm32cube.ide.mcu.externaltools.gnu-tools-for-stm32.7-2018-q2-update.win32_1.4.0.202007081208/tools/bin/../lib/gcc/arm-none-eabi/7.3.1/../../../../arm-none-eabi/lib/thumb/v7e-m/fpv5/hard\libc_nano.a(lib_a-impure.o)
 .data.impure_data
                0x0000000000000000       0x60 c:/st/stm32cubeide_1.4.0/stm32cubeide/plugins/com.st.stm32cube.ide.mcu.externaltools.gnu-tools-for-stm32.7-2018-q2-update.win32_1.4.0.202007081208/tools/bin/../lib/gcc/arm-none-eabi/7.3.1/../../../../arm-none-eabi/lib/thumb/v7e-m/fpv5/hard\libc_nano.a(lib_a-impure.o)
 .rodata._global_impure_ptr
                0x0000000000000000        0x4 c:/st/stm32cubeide_1.4.0/stm32cubeide/plugins/com.st.stm32cube.ide.mcu.externaltools.gnu-tools-for-stm32.7-2018-q2-update.win32_1.4.0.202007081208/tools/bin/../lib/gcc/arm-none-eabi/7.3.1/../../../../arm-none-eabi/lib/thumb/v7e-m/fpv5/hard\libc_nano.a(lib_a-impure.o)
 .ARM.attributes
                0x0000000000000000       0x32 c:/st/stm32cubeide_1.4.0/stm32cubeide/plugins/com.st.stm32cube.ide.mcu.externaltools.gnu-tools-for-stm32.7-2018-q2-update.win32_1.4.0.202007081208/tools/bin/../lib/gcc/arm-none-eabi/7.3.1/../../../../arm-none-eabi/lib/thumb/v7e-m/fpv5/hard\libc_nano.a(lib_a-impure.o)
 .text          0x0000000000000000        0x0 c:/st/stm32cubeide_1.4.0/stm32cubeide/plugins/com.st.stm32cube.ide.mcu.externaltools.gnu-tools-for-stm32.7-2018-q2-update.win32_1.4.0.202007081208/tools/bin/../lib/gcc/arm-none-eabi/7.3.1/../../../../arm-none-eabi/lib/thumb/v7e-m/fpv5/hard\libc_nano.a(lib_a-init.o)
 .data          0x0000000000000000        0x0 c:/st/stm32cubeide_1.4.0/stm32cubeide/plugins/com.st.stm32cube.ide.mcu.externaltools.gnu-tools-for-stm32.7-2018-q2-update.win32_1.4.0.202007081208/tools/bin/../lib/gcc/arm-none-eabi/7.3.1/../../../../arm-none-eabi/lib/thumb/v7e-m/fpv5/hard\libc_nano.a(lib_a-init.o)
 .bss           0x0000000000000000        0x0 c:/st/stm32cubeide_1.4.0/stm32cubeide/plugins/com.st.stm32cube.ide.mcu.externaltools.gnu-tools-for-stm32.7-2018-q2-update.win32_1.4.0.202007081208/tools/bin/../lib/gcc/arm-none-eabi/7.3.1/../../../../arm-none-eabi/lib/thumb/v7e-m/fpv5/hard\libc_nano.a(lib_a-init.o)
 .text          0x0000000000000000        0x0 c:/st/stm32cubeide_1.4.0/stm32cubeide/plugins/com.st.stm32cube.ide.mcu.externaltools.gnu-tools-for-stm32.7-2018-q2-update.win32_1.4.0.202007081208/tools/bin/../lib/gcc/arm-none-eabi/7.3.1/../../../../arm-none-eabi/lib/thumb/v7e-m/fpv5/hard\libc_nano.a(lib_a-memset.o)
 .data          0x0000000000000000        0x0 c:/st/stm32cubeide_1.4.0/stm32cubeide/plugins/com.st.stm32cube.ide.mcu.externaltools.gnu-tools-for-stm32.7-2018-q2-update.win32_1.4.0.202007081208/tools/bin/../lib/gcc/arm-none-eabi/7.3.1/../../../../arm-none-eabi/lib/thumb/v7e-m/fpv5/hard\libc_nano.a(lib_a-memset.o)
 .bss           0x0000000000000000        0x0 c:/st/stm32cubeide_1.4.0/stm32cubeide/plugins/com.st.stm32cube.ide.mcu.externaltools.gnu-tools-for-stm32.7-2018-q2-update.win32_1.4.0.202007081208/tools/bin/../lib/gcc/arm-none-eabi/7.3.1/../../../../arm-none-eabi/lib/thumb/v7e-m/fpv5/hard\libc_nano.a(lib_a-memset.o)
 .text.memset   0x0000000000000000       0x10 c:/st/stm32cubeide_1.4.0/stm32cubeide/plugins/com.st.stm32cube.ide.mcu.externaltools.gnu-tools-for-stm32.7-2018-q2-update.win32_1.4.0.202007081208/tools/bin/../lib/gcc/arm-none-eabi/7.3.1/../../../../arm-none-eabi/lib/thumb/v7e-m/fpv5/hard\libc_nano.a(lib_a-memset.o)
 .debug_frame   0x0000000000000000       0x20 c:/st/stm32cubeide_1.4.0/stm32cubeide/plugins/com.st.stm32cube.ide.mcu.externaltools.gnu-tools-for-stm32.7-2018-q2-update.win32_1.4.0.202007081208/tools/bin/../lib/gcc/arm-none-eabi/7.3.1/../../../../arm-none-eabi/lib/thumb/v7e-m/fpv5/hard\libc_nano.a(lib_a-memset.o)
 .ARM.attributes
                0x0000000000000000       0x32 c:/st/stm32cubeide_1.4.0/stm32cubeide/plugins/com.st.stm32cube.ide.mcu.externaltools.gnu-tools-for-stm32.7-2018-q2-update.win32_1.4.0.202007081208/tools/bin/../lib/gcc/arm-none-eabi/7.3.1/../../../../arm-none-eabi/lib/thumb/v7e-m/fpv5/hard\libc_nano.a(lib_a-memset.o)
 .text          0x0000000000000000        0x0 c:/st/stm32cubeide_1.4.0/stm32cubeide/plugins/com.st.stm32cube.ide.mcu.externaltools.gnu-tools-for-stm32.7-2018-q2-update.win32_1.4.0.202007081208/tools/bin/../lib/gcc/arm-none-eabi/7.3.1/thumb/v7e-m/fpv5/hard/crtend.o
 .data          0x0000000000000000        0x0 c:/st/stm32cubeide_1.4.0/stm32cubeide/plugins/com.st.stm32cube.ide.mcu.externaltools.gnu-tools-for-stm32.7-2018-q2-update.win32_1.4.0.202007081208/tools/bin/../lib/gcc/arm-none-eabi/7.3.1/thumb/v7e-m/fpv5/hard/crtend.o
 .bss           0x0000000000000000        0x0 c:/st/stm32cubeide_1.4.0/stm32cubeide/plugins/com.st.stm32cube.ide.mcu.externaltools.gnu-tools-for-stm32.7-2018-q2-update.win32_1.4.0.202007081208/tools/bin/../lib/gcc/arm-none-eabi/7.3.1/thumb/v7e-m/fpv5/hard/crtend.o
 .eh_frame      0x0000000000000000        0x4 c:/st/stm32cubeide_1.4.0/stm32cubeide/plugins/com.st.stm32cube.ide.mcu.externaltools.gnu-tools-for-stm32.7-2018-q2-update.win32_1.4.0.202007081208/tools/bin/../lib/gcc/arm-none-eabi/7.3.1/thumb/v7e-m/fpv5/hard/crtend.o
 .ARM.attributes
                0x0000000000000000       0x32 c:/st/stm32cubeide_1.4.0/stm32cubeide/plugins/com.st.stm32cube.ide.mcu.externaltools.gnu-tools-for-stm32.7-2018-q2-update.win32_1.4.0.202007081208/tools/bin/../lib/gcc/arm-none-eabi/7.3.1/thumb/v7e-m/fpv5/hard/crtend.o
 .text          0x0000000000000000        0x0 c:/st/stm32cubeide_1.4.0/stm32cubeide/plugins/com.st.stm32cube.ide.mcu.externaltools.gnu-tools-for-stm32.7-2018-q2-update.win32_1.4.0.202007081208/tools/bin/../lib/gcc/arm-none-eabi/7.3.1/thumb/v7e-m/fpv5/hard/crtn.o
 .data          0x0000000000000000        0x0 c:/st/stm32cubeide_1.4.0/stm32cubeide/plugins/com.st.stm32cube.ide.mcu.externaltools.gnu-tools-for-stm32.7-2018-q2-update.win32_1.4.0.202007081208/tools/bin/../lib/gcc/arm-none-eabi/7.3.1/thumb/v7e-m/fpv5/hard/crtn.o
 .bss           0x0000000000000000        0x0 c:/st/stm32cubeide_1.4.0/stm32cubeide/plugins/com.st.stm32cube.ide.mcu.externaltools.gnu-tools-for-stm32.7-2018-q2-update.win32_1.4.0.202007081208/tools/bin/../lib/gcc/arm-none-eabi/7.3.1/thumb/v7e-m/fpv5/hard/crtn.o

Memory Configuration

Name             Origin             Length             Attributes
RAM              0x0000000024000000 0x0000000000080000 xrw
ROM              0x0000000008000000 0x0000000000020000 xr
*default*        0x0000000000000000 0xffffffffffffffff

Linker script and memory map

LOAD c:/st/stm32cubeide_1.4.0/stm32cubeide/plugins/com.st.stm32cube.ide.mcu.externaltools.gnu-tools-for-stm32.7-2018-q2-update.win32_1.4.0.202007081208/tools/bin/../lib/gcc/arm-none-eabi/7.3.1/thumb/v7e-m/fpv5/hard/crti.o
LOAD c:/st/stm32cubeide_1.4.0/stm32cubeide/plugins/com.st.stm32cube.ide.mcu.externaltools.gnu-tools-for-stm32.7-2018-q2-update.win32_1.4.0.202007081208/tools/bin/../lib/gcc/arm-none-eabi/7.3.1/thumb/v7e-m/fpv5/hard/crtbegin.o
LOAD c:/st/stm32cubeide_1.4.0/stm32cubeide/plugins/com.st.stm32cube.ide.mcu.externaltools.gnu-tools-for-stm32.7-2018-q2-update.win32_1.4.0.202007081208/tools/bin/../lib/gcc/arm-none-eabi/7.3.1/../../../../arm-none-eabi/lib/thumb/v7e-m/fpv5/hard/crt0.o
LOAD src/ap/ap.o
LOAD src/bsp/bsp.o
LOAD src/bsp/syscalls.o
LOAD src/bsp/sysmem.o
LOAD src/bsp/startup/startup_stm32h750vbtx.o
LOAD src/hw/hw.o
LOAD src/main.o
START GROUP
LOAD c:/st/stm32cubeide_1.4.0/stm32cubeide/plugins/com.st.stm32cube.ide.mcu.externaltools.gnu-tools-for-stm32.7-2018-q2-update.win32_1.4.0.202007081208/tools/bin/../lib/gcc/arm-none-eabi/7.3.1/../../../../arm-none-eabi/lib/thumb/v7e-m/fpv5/hard\libstdc++_nano.a
LOAD c:/st/stm32cubeide_1.4.0/stm32cubeide/plugins/com.st.stm32cube.ide.mcu.externaltools.gnu-tools-for-stm32.7-2018-q2-update.win32_1.4.0.202007081208/tools/bin/../lib/gcc/arm-none-eabi/7.3.1/../../../../arm-none-eabi/lib/thumb/v7e-m/fpv5/hard\libsupc++_nano.a
END GROUP
LOAD c:/st/stm32cubeide_1.4.0/stm32cubeide/plugins/com.st.stm32cube.ide.mcu.externaltools.gnu-tools-for-stm32.7-2018-q2-update.win32_1.4.0.202007081208/tools/bin/../lib/gcc/arm-none-eabi/7.3.1/../../../../arm-none-eabi/lib/thumb/v7e-m/fpv5/hard\libstdc++_nano.a
LOAD c:/st/stm32cubeide_1.4.0/stm32cubeide/plugins/com.st.stm32cube.ide.mcu.externaltools.gnu-tools-for-stm32.7-2018-q2-update.win32_1.4.0.202007081208/tools/bin/../lib/gcc/arm-none-eabi/7.3.1/../../../../arm-none-eabi/lib/thumb/v7e-m/fpv5/hard\libm.a
LOAD c:/st/stm32cubeide_1.4.0/stm32cubeide/plugins/com.st.stm32cube.ide.mcu.externaltools.gnu-tools-for-stm32.7-2018-q2-update.win32_1.4.0.202007081208/tools/bin/../lib/gcc/arm-none-eabi/7.3.1/../../../../arm-none-eabi/lib/thumb/v7e-m/fpv5/hard\libc_nano.a
START GROUP
LOAD c:/st/stm32cubeide_1.4.0/stm32cubeide/plugins/com.st.stm32cube.ide.mcu.externaltools.gnu-tools-for-stm32.7-2018-q2-update.win32_1.4.0.202007081208/tools/bin/../lib/gcc/arm-none-eabi/7.3.1/thumb/v7e-m/fpv5/hard\libgcc.a
LOAD c:/st/stm32cubeide_1.4.0/stm32cubeide/plugins/com.st.stm32cube.ide.mcu.externaltools.gnu-tools-for-stm32.7-2018-q2-update.win32_1.4.0.202007081208/tools/bin/../lib/gcc/arm-none-eabi/7.3.1/../../../../arm-none-eabi/lib/thumb/v7e-m/fpv5/hard\libc_nano.a
END GROUP
START GROUP
LOAD c:/st/stm32cubeide_1.4.0/stm32cubeide/plugins/com.st.stm32cube.ide.mcu.externaltools.gnu-tools-for-stm32.7-2018-q2-update.win32_1.4.0.202007081208/tools/bin/../lib/gcc/arm-none-eabi/7.3.1/thumb/v7e-m/fpv5/hard\libgcc.a
LOAD c:/st/stm32cubeide_1.4.0/stm32cubeide/plugins/com.st.stm32cube.ide.mcu.externaltools.gnu-tools-for-stm32.7-2018-q2-update.win32_1.4.0.202007081208/tools/bin/../lib/gcc/arm-none-eabi/7.3.1/../../../../arm-none-eabi/lib/thumb/v7e-m/fpv5/hard\libc_nano.a
LOAD c:/st/stm32cubeide_1.4.0/stm32cubeide/plugins/com.st.stm32cube.ide.mcu.externaltools.gnu-tools-for-stm32.7-2018-q2-update.win32_1.4.0.202007081208/tools/bin/../lib/gcc/arm-none-eabi/7.3.1/../../../../arm-none-eabi/lib/thumb/v7e-m/fpv5/hard\libnosys.a
END GROUP
START GROUP
LOAD c:/st/stm32cubeide_1.4.0/stm32cubeide/plugins/com.st.stm32cube.ide.mcu.externaltools.gnu-tools-for-stm32.7-2018-q2-update.win32_1.4.0.202007081208/tools/bin/../lib/gcc/arm-none-eabi/7.3.1/thumb/v7e-m/fpv5/hard\libgcc.a
LOAD c:/st/stm32cubeide_1.4.0/stm32cubeide/plugins/com.st.stm32cube.ide.mcu.externaltools.gnu-tools-for-stm32.7-2018-q2-update.win32_1.4.0.202007081208/tools/bin/../lib/gcc/arm-none-eabi/7.3.1/../../../../arm-none-eabi/lib/thumb/v7e-m/fpv5/hard\libc_nano.a
LOAD c:/st/stm32cubeide_1.4.0/stm32cubeide/plugins/com.st.stm32cube.ide.mcu.externaltools.gnu-tools-for-stm32.7-2018-q2-update.win32_1.4.0.202007081208/tools/bin/../lib/gcc/arm-none-eabi/7.3.1/../../../../arm-none-eabi/lib/thumb/v7e-m/fpv5/hard\libnosys.a
END GROUP
LOAD c:/st/stm32cubeide_1.4.0/stm32cubeide/plugins/com.st.stm32cube.ide.mcu.externaltools.gnu-tools-for-stm32.7-2018-q2-update.win32_1.4.0.202007081208/tools/bin/../lib/gcc/arm-none-eabi/7.3.1/thumb/v7e-m/fpv5/hard/crtend.o
LOAD c:/st/stm32cubeide_1.4.0/stm32cubeide/plugins/com.st.stm32cube.ide.mcu.externaltools.gnu-tools-for-stm32.7-2018-q2-update.win32_1.4.0.202007081208/tools/bin/../lib/gcc/arm-none-eabi/7.3.1/thumb/v7e-m/fpv5/hard/crtn.o
                0x0000000024080000                _estack = (ORIGIN (RAM) + LENGTH (RAM))
                0x0000000000000200                _Min_Heap_Size = 0x200
                0x0000000000000400                _Min_Stack_Size = 0x400

.isr_vector     0x0000000008000000      0x298
                0x0000000008000000                . = ALIGN (0x4)
 *(.isr_vector)
 .isr_vector    0x0000000008000000      0x298 src/bsp/startup/startup_stm32h750vbtx.o
                0x0000000008000000                g_pfnVectors
                0x0000000008000298                . = ALIGN (0x4)

.text           0x0000000008000298      0x130
                0x0000000008000298                . = ALIGN (0x4)
 *(.text)
 .text          0x0000000008000298       0x40 c:/st/stm32cubeide_1.4.0/stm32cubeide/plugins/com.st.stm32cube.ide.mcu.externaltools.gnu-tools-for-stm32.7-2018-q2-update.win32_1.4.0.202007081208/tools/bin/../lib/gcc/arm-none-eabi/7.3.1/thumb/v7e-m/fpv5/hard/crtbegin.o
 *(.text*)
 .text._Z6apInitv
                0x00000000080002d8        0xc src/ap/ap.o
                0x00000000080002d8                apInit()
 .text._Z6apMainv
                0x00000000080002e4        0x6 src/ap/ap.o
                0x00000000080002e4                apMain()
 .text.bspInit  0x00000000080002ea        0xe src/bsp/bsp.o
                0x00000000080002ea                bspInit
 .text.Reset_Handler
                0x00000000080002f8       0x50 src/bsp/startup/startup_stm32h750vbtx.o
                0x00000000080002f8                Reset_Handler
 .text.Default_Handler
                0x0000000008000348        0x2 src/bsp/startup/startup_stm32h750vbtx.o
                0x0000000008000348                HASH_RNG_IRQHandler
                0x0000000008000348                EXTI2_IRQHandler
                0x0000000008000348                TIM8_CC_IRQHandler
                0x0000000008000348                DMA_STR2_IRQHandler
                0x0000000008000348                DebugMon_Handler
                0x0000000008000348                UART8_IRQHandler
                0x0000000008000348                SPI4_IRQHandler
                0x0000000008000348                HRTIM1_MST_IRQHandler
                0x0000000008000348                HardFault_Handler
                0x0000000008000348                DMA_STR5_IRQHandler
                0x0000000008000348                HRTIM1_FLT_IRQHandler
                0x0000000008000348                JPEG_IRQHandler
                0x0000000008000348                SysTick_Handler
                0x0000000008000348                DMA2_STR1_IRQHandler
                0x0000000008000348                DMA2_STR5_IRQHandler
                0x0000000008000348                HRTIM1_TIMD_IRQHandler
                0x0000000008000348                PendSV_Handler
                0x0000000008000348                NMI_Handler
                0x0000000008000348                EXTI3_IRQHandler
                0x0000000008000348                LPTIM4_IRQHandler
                0x0000000008000348                TIM8_TRG_COM_TIM14_IRQHandler
                0x0000000008000348                LPTIM2_IRQHandler
                0x0000000008000348                DFSDM1_FLT1_IRQHandler
                0x0000000008000348                DMAMUX2_OVR_IRQHandler
                0x0000000008000348                TIM8_UP_TIM13_IRQHandler
                0x0000000008000348                I2C3_ER_IRQHandler
                0x0000000008000348                DFSDM1_FLT2_IRQHandler
                0x0000000008000348                MDMA_IRQHandler
                0x0000000008000348                LPTIM3_IRQHandler
                0x0000000008000348                EXTI0_IRQHandler
                0x0000000008000348                I2C2_EV_IRQHandler
                0x0000000008000348                FPU_IRQHandler
                0x0000000008000348                DMA_STR1_IRQHandler
                0x0000000008000348                OTG_HS_WKUP_IRQHandler
                0x0000000008000348                FDCAN1_IT1_IRQHandler
                0x0000000008000348                UsageFault_Handler
                0x0000000008000348                LTDC_ER_IRQHandler
                0x0000000008000348                ADC1_2_IRQHandler
                0x0000000008000348                SPI1_IRQHandler
                0x0000000008000348                BDMA_CH2_IRQHandler
                0x0000000008000348                TIM6_DAC_IRQHandler
                0x0000000008000348                DCMI_IRQHandler
                0x0000000008000348                HRTIM1_TIMC_IRQHandler
                0x0000000008000348                SDMMC_IRQHandler
                0x0000000008000348                RTC_ALARM_IRQHandler
                0x0000000008000348                DMA_STR0_IRQHandler
                0x0000000008000348                SAI2_IRQHandler
                0x0000000008000348                DMA2_STR3_IRQHandler
                0x0000000008000348                DFSDM1_FLT3_IRQHandler
                0x0000000008000348                USART6_IRQHandler
                0x0000000008000348                BDMA_CH5_IRQHandler
                0x0000000008000348                TIM17_IRQHandler
                0x0000000008000348                BDMA_CH6_IRQHandler
                0x0000000008000348                USART3_IRQHandler
                0x0000000008000348                WKUP_IRQHandler
                0x0000000008000348                CRYP_IRQHandler
                0x0000000008000348                BDMA_CH3_IRQHandler
                0x0000000008000348                LPTIM5_IRQHandler
                0x0000000008000348                LPUART_IRQHandler
                0x0000000008000348                UART5_IRQHandler
                0x0000000008000348                ADC3_IRQHandler
                0x0000000008000348                DMA_STR6_IRQHandler
                0x0000000008000348                TIM4_IRQHandler
                0x0000000008000348                QUADSPI_IRQHandler
                0x0000000008000348                I2C1_EV_IRQHandler
                0x0000000008000348                DMA1_STR7_IRQHandler
                0x0000000008000348                TIM16_IRQHandler
                0x0000000008000348                UART4_IRQHandler
                0x0000000008000348                TIM3_IRQHandler
                0x0000000008000348                RCC_IRQHandler
                0x0000000008000348                TIM8_BRK_TIM12_IRQHandler
                0x0000000008000348                TIM1_TRG_COM_IRQHandler
                0x0000000008000348                Default_Handler
                0x0000000008000348                HRTIM_TIMB_IRQHandler
                0x0000000008000348                CEC_IRQHandler
                0x0000000008000348                EXTI15_10_IRQHandler
                0x0000000008000348                BDMA_CH4_IRQHandler
                0x0000000008000348                DMA_STR3_IRQHandler
                0x0000000008000348                HRTIM_TIME_IRQHandler
                0x0000000008000348                HRTIM1_TIMA_IRQHandler
                0x0000000008000348                SPI5_IRQHandler
                0x0000000008000348                TIM7_IRQHandler
                0x0000000008000348                SDMMC1_IRQHandler
                0x0000000008000348                TIM5_IRQHandler
                0x0000000008000348                SPDIF_IRQHandler
                0x0000000008000348                TIM15_IRQHandler
                0x0000000008000348                I2C3_EV_IRQHandler
                0x0000000008000348                WWDG1_RST_IRQHandler
                0x0000000008000348                EXTI9_5_IRQHandler
                0x0000000008000348                DMA2_STR4_IRQHandler
                0x0000000008000348                RTC_WKUP_IRQHandler
                0x0000000008000348                DMA2_STR6_IRQHandler
                0x0000000008000348                LTDC_IRQHandler
                0x0000000008000348                SAI3_IRQHandler
                0x0000000008000348                ETH_WKUP_IRQHandler
                0x0000000008000348                PVD_PVM_IRQHandler
                0x0000000008000348                SPI2_IRQHandler
                0x0000000008000348                OTG_HS_EP1_IN_IRQHandler
                0x0000000008000348                MemManage_Handler
                0x0000000008000348                DMA2_STR0_IRQHandler
                0x0000000008000348                SVC_Handler
                0x0000000008000348                CRS_IRQHandler
                0x0000000008000348                EXTI4_IRQHandler
                0x0000000008000348                DMAMUX1_OV_IRQHandler
                0x0000000008000348                FDCAN2_IT1_IRQHandler
                0x0000000008000348                DMA_STR4_IRQHandler
                0x0000000008000348                COMP_IRQHandler
                0x0000000008000348                DMA2_STR2_IRQHandler
                0x0000000008000348                ETH_IRQHandler
                0x0000000008000348                TIM1_UP_IRQHandler
                0x0000000008000348                DMA2_STR7_IRQHandler
                0x0000000008000348                OTG_HS_EP1_OUT_IRQHandler
                0x0000000008000348                SPI6_IRQHandler
                0x0000000008000348                MDIOS_IRQHandler
                0x0000000008000348                I2C4_EV_IRQHandler
                0x0000000008000348                FDCAN2_IT0_IRQHandler
                0x0000000008000348                BDMA_CH7_IRQHandler
                0x0000000008000348                FDCAN1_IT0_IRQHandler
                0x0000000008000348                TIM2_IRQHandler
                0x0000000008000348                HSEM0_IRQHandler
                0x0000000008000348                OTG_FS_WKUP_IRQHandler
                0x0000000008000348                OTG_HS_IRQHandler
                0x0000000008000348                DMA2D_IRQHandler
                0x0000000008000348                TIM1_BRK_IRQHandler
                0x0000000008000348                EXTI1_IRQHandler
                0x0000000008000348                OTG_FS_EP1_OUT_IRQHandler
                0x0000000008000348                UART7_IRQHandler
                0x0000000008000348                MDIOS_WKUP_IRQHandler
                0x0000000008000348                USART2_IRQHandler
                0x0000000008000348                DFSDM1_FLT0_IRQHandler
                0x0000000008000348                SAI4_IRQHandler
                0x0000000008000348                I2C2_ER_IRQHandler
                0x0000000008000348                FLASH_IRQHandler
                0x0000000008000348                WWDG1_IRQHandler
                0x0000000008000348                BusFault_Handler
                0x0000000008000348                USART1_IRQHandler
                0x0000000008000348                OTG_FS_IRQHandler
                0x0000000008000348                SPI3_IRQHandler
                0x0000000008000348                OTG_FS_EP1_IN_IRQHandler
                0x0000000008000348                I2C1_ER_IRQHandler
                0x0000000008000348                FMC_IRQHandler
                0x0000000008000348                BDMA_CH1_IRQHandler
                0x0000000008000348                SWPMI1_IRQHandler
                0x0000000008000348                LPTIM1_IRQHandler
                0x0000000008000348                BDMA_CH8_IRQHandler
                0x0000000008000348                TIM_CC_IRQHandler
                0x0000000008000348                I2C4_ER_IRQHandler
                0x0000000008000348                SAI1_IRQHandler
                0x0000000008000348                RTC_TAMP_STAMP_CSS_LSE_IRQHandler
 .text.hwInit   0x000000000800034a        0xc src/hw/hw.o
                0x000000000800034a                hwInit
 .text.main     0x0000000008000356       0x12 src/main.o
                0x0000000008000356                main
 .text.__libc_init_array
                0x0000000008000368       0x48 c:/st/stm32cubeide_1.4.0/stm32cubeide/plugins/com.st.stm32cube.ide.mcu.externaltools.gnu-tools-for-stm32.7-2018-q2-update.win32_1.4.0.202007081208/tools/bin/../lib/gcc/arm-none-eabi/7.3.1/../../../../arm-none-eabi/lib/thumb/v7e-m/fpv5/hard\libc_nano.a(lib_a-init.o)
                0x0000000008000368                __libc_init_array
 *(.glue_7)
 .glue_7        0x00000000080003b0        0x0 linker stubs
 *(.glue_7t)
 .glue_7t       0x00000000080003b0        0x0 linker stubs
 *(.eh_frame)
 .eh_frame      0x00000000080003b0        0x0 c:/st/stm32cubeide_1.4.0/stm32cubeide/plugins/com.st.stm32cube.ide.mcu.externaltools.gnu-tools-for-stm32.7-2018-q2-update.win32_1.4.0.202007081208/tools/bin/../lib/gcc/arm-none-eabi/7.3.1/thumb/v7e-m/fpv5/hard/crtbegin.o
 *(.init)
 .init          0x00000000080003b0        0x4 c:/st/stm32cubeide_1.4.0/stm32cubeide/plugins/com.st.stm32cube.ide.mcu.externaltools.gnu-tools-for-stm32.7-2018-q2-update.win32_1.4.0.202007081208/tools/bin/../lib/gcc/arm-none-eabi/7.3.1/thumb/v7e-m/fpv5/hard/crti.o
                0x00000000080003b0                _init
 .init          0x00000000080003b4        0x8 c:/st/stm32cubeide_1.4.0/stm32cubeide/plugins/com.st.stm32cube.ide.mcu.externaltools.gnu-tools-for-stm32.7-2018-q2-update.win32_1.4.0.202007081208/tools/bin/../lib/gcc/arm-none-eabi/7.3.1/thumb/v7e-m/fpv5/hard/crtn.o
 *(.fini)
 .fini          0x00000000080003bc        0x4 c:/st/stm32cubeide_1.4.0/stm32cubeide/plugins/com.st.stm32cube.ide.mcu.externaltools.gnu-tools-for-stm32.7-2018-q2-update.win32_1.4.0.202007081208/tools/bin/../lib/gcc/arm-none-eabi/7.3.1/thumb/v7e-m/fpv5/hard/crti.o
                0x00000000080003bc                _fini
 .fini          0x00000000080003c0        0x8 c:/st/stm32cubeide_1.4.0/stm32cubeide/plugins/com.st.stm32cube.ide.mcu.externaltools.gnu-tools-for-stm32.7-2018-q2-update.win32_1.4.0.202007081208/tools/bin/../lib/gcc/arm-none-eabi/7.3.1/thumb/v7e-m/fpv5/hard/crtn.o
                0x00000000080003c8                . = ALIGN (0x4)
                0x00000000080003c8                _etext = .

.vfp11_veneer   0x00000000080003c8        0x0
 .vfp11_veneer  0x00000000080003c8        0x0 linker stubs

.v4_bx          0x00000000080003c8        0x0
 .v4_bx         0x00000000080003c8        0x0 linker stubs

.iplt           0x00000000080003c8        0x0
 .iplt          0x00000000080003c8        0x0 c:/st/stm32cubeide_1.4.0/stm32cubeide/plugins/com.st.stm32cube.ide.mcu.externaltools.gnu-tools-for-stm32.7-2018-q2-update.win32_1.4.0.202007081208/tools/bin/../lib/gcc/arm-none-eabi/7.3.1/thumb/v7e-m/fpv5/hard/crtbegin.o

.rel.dyn        0x00000000080003c8        0x0
 .rel.iplt      0x00000000080003c8        0x0 c:/st/stm32cubeide_1.4.0/stm32cubeide/plugins/com.st.stm32cube.ide.mcu.externaltools.gnu-tools-for-stm32.7-2018-q2-update.win32_1.4.0.202007081208/tools/bin/../lib/gcc/arm-none-eabi/7.3.1/thumb/v7e-m/fpv5/hard/crtbegin.o

.rodata         0x00000000080003c8        0x0
                0x00000000080003c8                . = ALIGN (0x4)
 *(.rodata)
 *(.rodata*)
                0x00000000080003c8                . = ALIGN (0x4)

.ARM.extab      0x00000000080003c8        0x0
                0x00000000080003c8                . = ALIGN (0x4)
 *(.ARM.extab* .gnu.linkonce.armextab.*)
                0x00000000080003c8                . = ALIGN (0x4)

.ARM            0x00000000080003c8        0x0
                0x00000000080003c8                . = ALIGN (0x4)
                0x00000000080003c8                __exidx_start = .
 *(.ARM.exidx*)
                0x00000000080003c8                __exidx_end = .
                0x00000000080003c8                . = ALIGN (0x4)

.preinit_array  0x00000000080003c8        0x0
                0x00000000080003c8                . = ALIGN (0x4)
                0x00000000080003c8                PROVIDE (__preinit_array_start = .)
 *(.preinit_array*)
                0x00000000080003c8                PROVIDE (__preinit_array_end = .)
                0x00000000080003c8                . = ALIGN (0x4)

.init_array     0x00000000080003c8        0x4
                0x00000000080003c8                . = ALIGN (0x4)
                0x00000000080003c8                PROVIDE (__init_array_start = .)
 *(SORT_BY_NAME(.init_array.*))
 *(.init_array*)
 .init_array    0x00000000080003c8        0x4 c:/st/stm32cubeide_1.4.0/stm32cubeide/plugins/com.st.stm32cube.ide.mcu.externaltools.gnu-tools-for-stm32.7-2018-q2-update.win32_1.4.0.202007081208/tools/bin/../lib/gcc/arm-none-eabi/7.3.1/thumb/v7e-m/fpv5/hard/crtbegin.o
                0x00000000080003cc                PROVIDE (__init_array_end = .)
                0x00000000080003cc                . = ALIGN (0x4)

.fini_array     0x00000000080003cc        0x4
                0x00000000080003cc                . = ALIGN (0x4)
                [!provide]                        PROVIDE (__fini_array_start = .)
 *(SORT_BY_NAME(.fini_array.*))
 *(.fini_array*)
 .fini_array    0x00000000080003cc        0x4 c:/st/stm32cubeide_1.4.0/stm32cubeide/plugins/com.st.stm32cube.ide.mcu.externaltools.gnu-tools-for-stm32.7-2018-q2-update.win32_1.4.0.202007081208/tools/bin/../lib/gcc/arm-none-eabi/7.3.1/thumb/v7e-m/fpv5/hard/crtbegin.o
                [!provide]                        PROVIDE (__fini_array_end = .)
                0x00000000080003d0                . = ALIGN (0x4)
                0x00000000080003d0                _sidata = LOADADDR (.data)

.data           0x0000000024000000        0x0 load address 0x00000000080003d0
                0x0000000024000000                . = ALIGN (0x4)
                0x0000000024000000                _sdata = .
 *(.data)
 *(.data*)
                0x0000000024000000                . = ALIGN (0x4)
                0x0000000024000000                _edata = .

.igot.plt       0x0000000024000000        0x0 load address 0x00000000080003d0
 .igot.plt      0x0000000024000000        0x0 c:/st/stm32cubeide_1.4.0/stm32cubeide/plugins/com.st.stm32cube.ide.mcu.externaltools.gnu-tools-for-stm32.7-2018-q2-update.win32_1.4.0.202007081208/tools/bin/../lib/gcc/arm-none-eabi/7.3.1/thumb/v7e-m/fpv5/hard/crtbegin.o
                0x0000000024000000                . = ALIGN (0x4)

.bss            0x0000000024000000       0x1c load address 0x00000000080003d0
                0x0000000024000000                _sbss = .
                0x0000000024000000                __bss_start__ = _sbss
 *(.bss)
 .bss           0x0000000024000000       0x1c c:/st/stm32cubeide_1.4.0/stm32cubeide/plugins/com.st.stm32cube.ide.mcu.externaltools.gnu-tools-for-stm32.7-2018-q2-update.win32_1.4.0.202007081208/tools/bin/../lib/gcc/arm-none-eabi/7.3.1/thumb/v7e-m/fpv5/hard/crtbegin.o
 *(.bss*)
 *(COMMON)
                0x000000002400001c                . = ALIGN (0x4)
                0x000000002400001c                _ebss = .
                0x000000002400001c                __bss_end__ = _ebss

._user_heap_stack
                0x000000002400001c      0x604 load address 0x00000000080003d0
                0x0000000024000020                . = ALIGN (0x8)
 *fill*         0x000000002400001c        0x4 
                [!provide]                        PROVIDE (end = .)
                0x0000000024000020                PROVIDE (_end = .)
                0x0000000024000220                . = (. + _Min_Heap_Size)
 *fill*         0x0000000024000020      0x200 
                0x0000000024000620                . = (. + _Min_Stack_Size)
 *fill*         0x0000000024000220      0x400 
                0x0000000024000620                . = ALIGN (0x8)

/DISCARD/
 libc.a(*)
 libm.a(*)
 libgcc.a(*)

.ARM.attributes
                0x0000000000000000       0x2e
 *(.ARM.attributes)
 .ARM.attributes
                0x0000000000000000       0x20 c:/st/stm32cubeide_1.4.0/stm32cubeide/plugins/com.st.stm32cube.ide.mcu.externaltools.gnu-tools-for-stm32.7-2018-q2-update.win32_1.4.0.202007081208/tools/bin/../lib/gcc/arm-none-eabi/7.3.1/thumb/v7e-m/fpv5/hard/crti.o
 .ARM.attributes
                0x0000000000000020       0x32 c:/st/stm32cubeide_1.4.0/stm32cubeide/plugins/com.st.stm32cube.ide.mcu.externaltools.gnu-tools-for-stm32.7-2018-q2-update.win32_1.4.0.202007081208/tools/bin/../lib/gcc/arm-none-eabi/7.3.1/thumb/v7e-m/fpv5/hard/crtbegin.o
 .ARM.attributes
                0x0000000000000052       0x37 src/ap/ap.o
 .ARM.attributes
                0x0000000000000089       0x37 src/bsp/bsp.o
 .ARM.attributes
                0x00000000000000c0       0x21 src/bsp/startup/startup_stm32h750vbtx.o
 .ARM.attributes
                0x00000000000000e1       0x37 src/hw/hw.o
 .ARM.attributes
                0x0000000000000118       0x37 src/main.o
 .ARM.attributes
                0x000000000000014f       0x32 c:/st/stm32cubeide_1.4.0/stm32cubeide/plugins/com.st.stm32cube.ide.mcu.externaltools.gnu-tools-for-stm32.7-2018-q2-update.win32_1.4.0.202007081208/tools/bin/../lib/gcc/arm-none-eabi/7.3.1/../../../../arm-none-eabi/lib/thumb/v7e-m/fpv5/hard\libc_nano.a(lib_a-init.o)
 .ARM.attributes
                0x0000000000000181       0x20 c:/st/stm32cubeide_1.4.0/stm32cubeide/plugins/com.st.stm32cube.ide.mcu.externaltools.gnu-tools-for-stm32.7-2018-q2-update.win32_1.4.0.202007081208/tools/bin/../lib/gcc/arm-none-eabi/7.3.1/thumb/v7e-m/fpv5/hard/crtn.o
OUTPUT(stm32h750_mini_fw.elf elf32-littlearm)

.debug_info     0x0000000000000000     0x2e29
 .debug_info    0x0000000000000000      0xe69 src/ap/ap.o
 .debug_info    0x0000000000000e69      0x8a5 src/bsp/bsp.o
 .debug_info    0x000000000000170e       0x22 src/bsp/startup/startup_stm32h750vbtx.o
 .debug_info    0x0000000000001730      0x8a5 src/hw/hw.o
 .debug_info    0x0000000000001fd5      0xe54 src/main.o

.debug_abbrev   0x0000000000000000      0x788
 .debug_abbrev  0x0000000000000000      0x253 src/ap/ap.o
 .debug_abbrev  0x0000000000000253      0x174 src/bsp/bsp.o
 .debug_abbrev  0x00000000000003c7       0x12 src/bsp/startup/startup_stm32h750vbtx.o
 .debug_abbrev  0x00000000000003d9      0x174 src/hw/hw.o
 .debug_abbrev  0x000000000000054d      0x23b src/main.o

.debug_aranges  0x0000000000000000       0xb0
 .debug_aranges
                0x0000000000000000       0x28 src/ap/ap.o
 .debug_aranges
                0x0000000000000028       0x20 src/bsp/bsp.o
 .debug_aranges
                0x0000000000000048       0x28 src/bsp/startup/startup_stm32h750vbtx.o
 .debug_aranges
                0x0000000000000070       0x20 src/hw/hw.o
 .debug_aranges
                0x0000000000000090       0x20 src/main.o

.debug_ranges   0x0000000000000000       0x68
 .debug_ranges  0x0000000000000000       0x18 src/ap/ap.o
 .debug_ranges  0x0000000000000018       0x10 src/bsp/bsp.o
 .debug_ranges  0x0000000000000028       0x20 src/bsp/startup/startup_stm32h750vbtx.o
 .debug_ranges  0x0000000000000048       0x10 src/hw/hw.o
 .debug_ranges  0x0000000000000058       0x10 src/main.o

.debug_macro    0x0000000000000000     0x3e63
 .debug_macro   0x0000000000000000      0x2af src/ap/ap.o
 .debug_macro   0x00000000000002af      0xb44 src/ap/ap.o
 .debug_macro   0x0000000000000df3       0x22 src/ap/ap.o
 .debug_macro   0x0000000000000e15       0x40 src/ap/ap.o
 .debug_macro   0x0000000000000e55       0x17 src/ap/ap.o
 .debug_macro   0x0000000000000e6c       0x94 src/ap/ap.o
 .debug_macro   0x0000000000000f00       0x3c src/ap/ap.o
 .debug_macro   0x0000000000000f3c       0x34 src/ap/ap.o
 .debug_macro   0x0000000000000f70       0x16 src/ap/ap.o
 .debug_macro   0x0000000000000f86       0x57 src/ap/ap.o
 .debug_macro   0x0000000000000fdd       0x97 src/ap/ap.o
 .debug_macro   0x0000000000001074      0x353 src/ap/ap.o
 .debug_macro   0x00000000000013c7      0x104 src/ap/ap.o
 .debug_macro   0x00000000000014cb       0x10 src/ap/ap.o
 .debug_macro   0x00000000000014db       0x52 src/ap/ap.o
 .debug_macro   0x000000000000152d       0x1f src/ap/ap.o
 .debug_macro   0x000000000000154c       0x43 src/ap/ap.o
 .debug_macro   0x000000000000158f       0x20 src/ap/ap.o
 .debug_macro   0x00000000000015af      0x1a3 src/ap/ap.o
 .debug_macro   0x0000000000001752       0x10 src/ap/ap.o
 .debug_macro   0x0000000000001762       0x6a src/ap/ap.o
 .debug_macro   0x00000000000017cc       0x1c src/ap/ap.o
 .debug_macro   0x00000000000017e8       0x52 src/ap/ap.o
 .debug_macro   0x000000000000183a       0x40 src/ap/ap.o
 .debug_macro   0x000000000000187a       0x10 src/ap/ap.o
 .debug_macro   0x000000000000188a       0x40 src/ap/ap.o
 .debug_macro   0x00000000000018ca       0xd7 src/ap/ap.o
 .debug_macro   0x00000000000019a1       0x1c src/ap/ap.o
 .debug_macro   0x00000000000019bd       0x3d src/ap/ap.o
 .debug_macro   0x00000000000019fa       0x16 src/ap/ap.o
 .debug_macro   0x0000000000001a10      0x137 src/ap/ap.o
 .debug_macro   0x0000000000001b47       0x1c src/ap/ap.o
 .debug_macro   0x0000000000001b63       0xef src/ap/ap.o
 .debug_macro   0x0000000000001c52      0x1df src/ap/ap.o
 .debug_macro   0x0000000000001e31       0x16 src/ap/ap.o
 .debug_macro   0x0000000000001e47       0x16 src/ap/ap.o
 .debug_macro   0x0000000000001e5d       0x35 src/ap/ap.o
 .debug_macro   0x0000000000001e92       0x20 src/ap/ap.o
 .debug_macro   0x0000000000001eb2      0x168 src/ap/ap.o
 .debug_macro   0x000000000000201a       0x10 src/ap/ap.o
 .debug_macro   0x000000000000202a      0x3f4 src/ap/ap.o
 .debug_macro   0x000000000000241e       0x10 src/ap/ap.o
 .debug_macro   0x000000000000242e       0x16 src/ap/ap.o
 .debug_macro   0x0000000000002444       0x16 src/ap/ap.o
 .debug_macro   0x000000000000245a       0x29 src/ap/ap.o
 .debug_macro   0x0000000000002483       0x1c src/ap/ap.o
 .debug_macro   0x000000000000249f       0xde src/ap/ap.o
 .debug_macro   0x000000000000257d       0x4c src/ap/ap.o
 .debug_macro   0x00000000000025c9      0x242 src/bsp/bsp.o
 .debug_macro   0x000000000000280b      0xa72 src/bsp/bsp.o
 .debug_macro   0x000000000000327d       0x34 src/bsp/bsp.o
 .debug_macro   0x00000000000032b1       0x97 src/bsp/bsp.o
 .debug_macro   0x0000000000003348      0x330 src/bsp/bsp.o
 .debug_macro   0x0000000000003678       0xfd src/bsp/bsp.o
 .debug_macro   0x0000000000003775       0x43 src/bsp/bsp.o
 .debug_macro   0x00000000000037b8      0x145 src/bsp/bsp.o
 .debug_macro   0x00000000000038fd       0x22 src/bsp/bsp.o
 .debug_macro   0x000000000000391f       0x35 src/bsp/bsp.o
 .debug_macro   0x0000000000003954      0x256 src/hw/hw.o
 .debug_macro   0x0000000000003baa      0x2b9 src/main.o

.debug_line     0x0000000000000000     0x200d
 .debug_line    0x0000000000000000      0x983 src/ap/ap.o
 .debug_line    0x0000000000000983      0x609 src/bsp/bsp.o
 .debug_line    0x0000000000000f8c       0x8c src/bsp/startup/startup_stm32h750vbtx.o
 .debug_line    0x0000000000001018      0x64c src/hw/hw.o
 .debug_line    0x0000000000001664      0x9a9 src/main.o

.debug_str      0x0000000000000000     0xa0e9
 .debug_str     0x0000000000000000     0x9d93 src/ap/ap.o
                                       0xa076 (size before relaxing)
 .debug_str     0x0000000000009d93      0x2e5 src/bsp/bsp.o
                                       0x82fb (size before relaxing)
 .debug_str     0x000000000000a078       0x39 src/bsp/startup/startup_stm32h750vbtx.o
                                         0x67 (size before relaxing)
 .debug_str     0x000000000000a0b1       0x16 src/hw/hw.o
                                       0x8318 (size before relaxing)
 .debug_str     0x000000000000a0c7       0x22 src/main.o
                                       0xa063 (size before relaxing)

.comment        0x0000000000000000       0x7b
 .comment       0x0000000000000000       0x7b src/ap/ap.o
                                         0x7c (size before relaxing)
 .comment       0x000000000000007b       0x7c src/bsp/bsp.o
 .comment       0x000000000000007b       0x7c src/hw/hw.o
 .comment       0x000000000000007b       0x7c src/main.o

.debug_frame    0x0000000000000000       0xf8
 .debug_frame   0x0000000000000000       0x44 src/ap/ap.o
 .debug_frame   0x0000000000000044       0x30 src/bsp/bsp.o
 .debug_frame   0x0000000000000074       0x2c src/hw/hw.o
 .debug_frame   0x00000000000000a0       0x2c src/main.o
 .debug_frame   0x00000000000000cc       0x2c c:/st/stm32cubeide_1.4.0/stm32cubeide/plugins/com.st.stm32cube.ide.mcu.externaltools.gnu-tools-for-stm32.7-2018-q2-update.win32_1.4.0.202007081208/tools/bin/../lib/gcc/arm-none-eabi/7.3.1/../../../../arm-none-eabi/lib/thumb/v7e-m/fpv5/hard\libc_nano.a(lib_a-init.o)
